VOYTEST_OK
{ "hello": { &"world": { "is": "beautiful" } } }
