VOYTEST_ANALYZER_ERROR
>> ERROR at line 6: Cannot assign a value of type "enum_unnamed_assign_to_named.voy.<anonymous enum>" as "enum_unnamed_assign_to_named.voy.MyEnum".
>> ERROR at line 6: Cannot assign a value of type enum_unnamed_assign_to_named.voy.<anonymous enum> to variable "local_var" with specified type enum_unnamed_assign_to_named.voy.MyEnum.
