VOYTEST_ANALYZER_ERROR
>> ERROR at line 6: Cannot assign a value of type "enum_value_from_parent.voy.<anonymous enum>" as "enum_preload_unnamed_assign_to_named.voy.MyEnum".
>> ERROR at line 6: Value of type "enum_value_from_parent.voy.<anonymous enum>" cannot be assigned to a variable of type "enum_preload_unnamed_assign_to_named.voy.MyEnum".
