VOYTEST_ANALYZER_ERROR
>> ERROR at line 8: Cannot pass a value of type "enum_function_parameter_wrong_type.voy.MyOtherEnum" as "enum_function_parameter_wrong_type.voy.MyEnum".
>> ERROR at line 8: Invalid argument for "enum_func()" function: argument 1 should be "enum_function_parameter_wrong_type.voy.MyEnum" but is "enum_function_parameter_wrong_type.voy.MyOtherEnum".
