VOYTEST_ANALYZER_ERROR
>> ERROR at line 5: Cannot return a value of type "enum_function_return_wrong_type.voy.MyOtherEnum" as "enum_function_return_wrong_type.voy.MyEnum".
>> ERROR at line 5: Cannot return value of type "enum_function_return_wrong_type.voy.MyOtherEnum" because the function return type is "enum_function_return_wrong_type.voy.MyEnum".
