VOYTEST_ANALYZER_ERROR
>> ERROR at line 5: Cannot assign a value of type "enum_local_var_init_with_wrong_enum_type.voy.MyOtherEnum" as "enum_local_var_init_with_wrong_enum_type.voy.MyEnum".
>> ERROR at line 5: Cannot assign a value of type enum_local_var_init_with_wrong_enum_type.voy.MyOtherEnum to variable "local_var" with specified type enum_local_var_init_with_wrong_enum_type.voy.MyEnum.
