VOYTEST_ANALYZER_ERROR
>> ERROR at line 9: Cannot assign a value of type "enum_class_var_assign_with_wrong_enum_type.voy.MyOtherEnum" as "enum_class_var_assign_with_wrong_enum_type.voy.MyEnum".
>> ERROR at line 9: Value of type "enum_class_var_assign_with_wrong_enum_type.voy.MyOtherEnum" cannot be assigned to a variable of type "enum_class_var_assign_with_wrong_enum_type.voy.MyEnum".
