VOYTEST_ANALYZER_ERROR
>> ERROR at line 1: Cannot get nested types for extension from non-VoyScript type "RefCounted".
