VOYTEST_RUNTIME_ERROR
>> SCRIPT ERROR at runtime/errors/cast_object_to_int.voy:4 on test(): Invalid cast: could not convert value to 'int'.
