VOYTEST_RUNTIME_ERROR
>> SCRIPT ERROR at runtime/errors/cast_int_to_array.voy:4 on test(): Invalid cast: could not convert value to 'Array'.
