VOYTEST_RUNTIME_ERROR
>> SCRIPT ERROR at runtime/errors/cast_freed_object.voy:4 on test(): Trying to cast a freed object.
