VOYTEST_RUNTIME_ERROR
>> SCRIPT ERROR at runtime/errors/cast_int_to_object.voy:4 on test(): Invalid cast: can't convert a non-object value to an object type.
