VOYTEST_RUNTIME_ERROR
>> SCRIPT ERROR at runtime/errors/constant_dictionary_is_deep.voy:6 on test(): Invalid assignment on read-only value (on base: 'Array').
