VOYTEST_RUNTIME_ERROR
>> SCRIPT ERROR at runtime/errors/ks_utility_function_wrong_arg.voy:3 on test(): Error calling VoyScript utility function "len()": Value of type 'Color' can't provide a length.
