VOYTEST_RUNTIME_ERROR
>> SCRIPT ERROR at runtime/errors/invalid_property_assignment.voy:9 on test(): Invalid assignment of property or key 'obj' with value of type 'RefCounted (MyObj)' on a base object of type 'RefCounted (MyObj)'.
