VOYTEST_RUNTIME_ERROR
>> SCRIPT ERROR at runtime/errors/typed_dictionary_pass_basic_to_typed.voy:6 on test(): Invalid type in function 'expect_typed' in base 'RefCounted (typed_dictionary_pass_basic_to_typed.voy)'. The dictionary of argument 1 (Dictionary) does not have the same element type as the expected typed dictionary argument.
