VOYTEST_RUNTIME_ERROR
>> SCRIPT ERROR at runtime/errors/typed_array_assign_differently_typed.voy:3 on test(): Trying to assign an array of type "Array[float]" to a variable of type "Array[int]".
