VOYTEST_RUNTIME_ERROR
>> SCRIPT ERROR at runtime/errors/typed_dictionary_assign_basic_to_typed.voy:3 on test(): Trying to assign a dictionary of type "Dictionary" to a variable of type "Dictionary[int, int]".
