VOYTEST_RUNTIME_ERROR
~~ WARNING at line 4: (UNSAFE_METHOD_ACCESS) The method "reverse()" is not present on the inferred type "Variant" (but may be present on a subtype).
>> SCRIPT ERROR at runtime/errors/use_return_value_of_void_builtin_method_call.voy:4 on test(): Trying to get a return value of a method that returns "void"
