VOYTEST_OK
VoyScript::new
VoyScriptNativeClass::new
