VOYTEST_OK
true
true
true
true
true
true
true
true
true
true
true
true
ok
