VOYTEST_OK
test
<anonymous lambda>
test
<anonymous lambda>
