VOYTEST_OK
var test_native: VoyScriptNativeClass
var test_script: VoyScript
var test_class: VoyScript
var test_enum: Dictionary
---
VoyScriptNativeClass
VoyScript
VoyScript
{ "A": 0, "B": 1, "C": 2 }
---
[]
100
10
["A", "B", "C"]
---
100
10
