VOYTEST_OK
@GlobalScope::print (Callable)
@VoyScript::len (Callable)
1 2 3
1
3
1.2
