VOYTEST_PARSER_ERROR
Expected conditional expression after "if".
