VOYTEST_PARSER_ERROR
Expected ":" after function declaration.
