VOYTEST_PARSER_ERROR
"@icon" annotation can only be used once.
