VOYTEST_PARSER_ERROR
Identifier "Ð°s" is visually similar to the VoyScript keyword "as" and thus not allowed.
