VOYTEST_PARSER_ERROR
Expected ":" after "if" condition.
