VOYTEST_OK
cast to Variant == null: false
cast to Object == null: false
