VOYTEST_OK
InnerA.test
InnerA.InnerAB.test
InnerB.test
